OUTSIDE
OUTSIDE
OUTSIDE
BORDER
BORDER
INSIDE
INSIDE
BORDER
OUTSIDE
OUTSIDE
INSIDE
BORDER