10
4 -6 6 -5 7 4 6 7 4 9 -3 11 -7 10 -9 7 -10 0 -11 -12